// Vitest Snapshot v1, https://vitest.dev/guide/snapshot.html

exports[`createRsLibConfig 1`] = `
{
  "lib": [
    {
      "bundle": true,
      "dts": true,
      "format": "esm",
      "syntax": "es2021",
    },
    {
      "bundle": true,
      "format": "cjs",
      "output": {
        "distPath": {
          "root": "./dist/cjs",
        },
      },
    },
  ],
}
`;
